C51 COMPILER V9.56.0.0   ________                                                          01/22/2020 09:23:11 PAGE 1   


C51 COMPILER V9.56.0.0, COMPILATION OF MODULE ________
OBJECT MODULE PLACED IN 步进马达.OBJ
COMPILER INVOKED BY: G:\softs\kile_v5_S\C51\BIN\C51.EXE 步进马达.c OPTIMIZE(8,SPEED) BROWSE DEBUG OBJECTEXTEND TABS(2)

line level    source

   1          /*************************************************************************************
   2          *  标题:  步进电机试验四(采用2细分)                      *
   3          *                                            *
   4          *    通过本例程了解步进马达使用及驱动程序编写                    *
   5          *;   单相四拍通电驱动时序：                                                          *
   6          *;   正转： A/  B  A  B/                               *
   7          *    反转： B/  A  B  A/                                             *
   8          *                                            *
   9          *    UDN2916电流控制真值表：                             *
  10          *   I0    I1        输出电流                             *
  11          *   L     L     最大                               *
  12          *   H   L     最大*2/3                             *
  13          *   L   H     最大*1/3                             *
  14          *     H     H         0                                                              *
  15          *   请学员一定要消化掉本例程                                                       *
  16          *   注意：J14短路冒需断开                                                      *
  17          **************************************************************************************/  
  18          #include "reg52.h"
  19          
  20          #define speed 50
  21           //Motor
  22          sbit PH1 = P1^0;    //定义管脚
  23          sbit PH2 = P1^1;
  24          sbit I01 = P1^2;
  25          sbit I11 = P1^3;
  26          sbit I02 = P1^4;
  27          sbit I12 = P1^5;
  28                       
  29          unsigned char TableA[] = { 0XF7,0XFB,0XF3};  //A线圈细分表
  30          unsigned char TableB[] = { 0XeF,0XdF,0XcF};  //B线圈细分表
  31          
  32          void delay(int time);
  33          
  34          /***************************************
  35          函数功能：产生单相四拍脉冲控制步进机 2细分
  36          **************************************/
  37          void Go()
  38          { char i ,temp;
  39   1           //A
  40   1          PH1 = 0;  //PH1为0 则A线圈为反向电流
  41   1        for(i = 0; i<3; i++)
  42   1        {  temp = P1;
  43   2           P1 = TableA[i]; 
  44   2           P1 = P1&temp; 
  45   2           delay(1);
  46   2         }
  47   1        
  48   1      
  49   1        PH2 = 0;  //PH2为0 则B线圈为反向电流
  50   1        I02 = 1;
  51   1        I12 = 1;   //输出0
  52   1      
  53   1        delay(speed);
  54   1        //0
  55   1        PH1 = 0;  //PH1为0 则A线圈为反向电流
C51 COMPILER V9.56.0.0   ________                                                          01/22/2020 09:23:11 PAGE 2   

  56   1          I01 = 1;  //输出0
  57   1        I11 = 1;
  58   1        
  59   1      
  60   1        PH2 = 1;  //PH2为1 则B线圈为正电流
  61   1        for(i = 0; i<3; i++)
  62   1        {  temp = P1;
  63   2           P1 = TableB[i]; 
  64   2           P1 = P1&temp; 
  65   2           delay(1);
  66   2         }
  67   1      
  68   1        delay(speed);
  69   1        //B
  70   1        PH1 = 1;   //PH1为1 则A线圈为正向电流
  71   1        for(i = 0; i<3; i++)
  72   1        {  temp = P1;
  73   2           P1 = TableA[i]; 
  74   2           P1 = P1&temp; 
  75   2           delay(1);
  76   2         }
  77   1      
  78   1        PH2 = 1;  //PH2为1 则B线圈为正向电流
  79   1        I02 = 1;  //输出0
  80   1        I12 = 1;
  81   1                   ////
  82   1        delay(speed);
  83   1        //0
  84   1        PH1 = 1;   //PH1为1 则A线圈为正向电流
  85   1        I01 = 1;
  86   1        I11 = 1;
  87   1        
  88   1      
  89   1        PH2 = 0;   //PH2为0 则B线圈为反向电流
  90   1        for(i = 0; i<3; i++)
  91   1        {  temp = P1;
  92   2           P1 = TableB[i]; 
  93   2           P1 = P1&temp; 
  94   2           delay(1);
  95   2         }
  96   1        delay(speed);
  97   1                     
  98   1      
  99   1        
 100   1      }
 101          /*******************延时函数****************************/
 102          void delay(int time)
 103          { 
 104   1        int i,j;
 105   1        
 106   1        for(j=0; j <= time; j++)
 107   1         for(i =0 ; i <= 120; i++);
 108   1      }
 109          
 110          
 111          void main()
 112          {
 113   1      
 114   1        while(1)
 115   1        {
 116   2          
 117   2          Go();  //步进电机运行
C51 COMPILER V9.56.0.0   ________                                                          01/22/2020 09:23:11 PAGE 3   

 118   2        
 119   2        }
 120   1      
 121   1      }


MODULE INFORMATION:   STATIC OVERLAYABLE
   CODE SIZE        =    200    ----
   CONSTANT SIZE    =   ----    ----
   XDATA SIZE       =   ----    ----
   PDATA SIZE       =   ----    ----
   DATA SIZE        =      6       2
   IDATA SIZE       =   ----    ----
   BIT SIZE         =   ----    ----
END OF MODULE INFORMATION.


C51 COMPILATION COMPLETE.  0 WARNING(S),  0 ERROR(S)
