C51 COMPILER V7.10   步絖马达                                                              08/13/2011 23:36:46 PAGE 1   


C51 COMPILER V7.10, COMPILATION OF MODULE 步絖马达
OBJECT MODULE PLACED IN 步进马达.OBJ
COMPILER INVOKED BY: C:\Keil\C51\BIN\C51.EXE 步进马达.c BROWSE DEBUG OBJECTEXTEND

line level    source

   1          /*************************************************************************************
   2          *  标题:  步进电机试验二（双四拍方式）                                                                                                                   *
   3          *                                                                                                                                                                        *
   4          *    通过本例程了解步进马达使用及驱动程序编写                                                                            *
   5          *;   双四拍工作方式：                                                                    *
   6          *;   正转：A/B   AB   AB/  A/B/                                                                                  *
   7          *        反转：A/B/  AB/  AB   A/B
   8          *    
   9          *    UDN2916电流控制真值表：
  10          *        I0    I1       输出电流
  11          *         L         L             最大
  12          *         H             L                 最大*2/3
  13          *         L             H                 最大*1/3
  14          *     H     H         0                                                              *
  15          *  请学员一定要消化掉本例程                                                              *
  16             J14短路冒需断开                                                                                              *
  17          **************************************************************************************/  
  18          #include "reg52.h"
  19          
  20          #define speed 2
  21           //Motor
  22          sbit PH1 = P1^0;          //定义管脚
  23          sbit PH2 = P1^1;
  24          sbit I01 = P1^2;
  25          sbit I11 = P1^3;
  26          sbit I02 = P1^4;
  27          sbit I12 = P1^5;
  28          
  29          
  30          
  31          void delay(int time);
  32          
  33          /***************************************
  34          函数功能：产生脉冲控制步进机
  35          正转：A/B   AB   AB/  A/B/ 
  36          I0 I1 为低电平时，均以最大电流输出
  37          **************************************/
  38          void Go()
  39          {        //A
  40   1          PH1 = 0;  //PH1为0 则A线圈为反向电流
  41   1          I01 = 0;
  42   1              I11 = 0;
  43   1              
  44   1      
  45   1              PH2 = 1;   //PH2为1 则B线圈为正向电流
  46   1              I02 = 0;
  47   1              I12 = 0;
  48   1      
  49   1              delay(speed);
  50   1              //0
  51   1              PH1 = 1;  //PH1为1 则A线圈为正向电流
  52   1          I01 = 0;
  53   1              I11 = 0;
  54   1              
  55   1      
C51 COMPILER V7.10   步絖马达                                                              08/13/2011 23:36:46 PAGE 2   

  56   1              PH2 = 1;
  57   1              I02 = 0;
  58   1              I12 = 0;
  59   1      
  60   1              delay(speed);
  61   1              //B
  62   1              PH1 = 1;  //PH1为1 则A线圈为正向电流
  63   1          I01 = 0;
  64   1              I11 = 0;
  65   1              
  66   1      
  67   1              PH2 = 0;   //PH2为0 则B线圈为反向电流
  68   1              I02 = 0;
  69   1              I12 = 0;
  70   1                         ////
  71   1              delay(speed);
  72   1              //0
  73   1              PH1 = 0;
  74   1              I01 = 0;
  75   1              I11 = 0;
  76   1              
  77   1      
  78   1              PH2 = 0;  
  79   1              I02 = 0;
  80   1              I12 = 0;
  81   1                   
  82   1              delay(speed);
  83   1              
  84   1              
  85   1      }
  86          /*******************延时函数****************************/
  87          void delay(int time)
  88          { 
  89   1        int i,j;
  90   1        
  91   1        for(j=0; j <= time; j++)
  92   1         for(i =0 ; i <= 120; i++);
  93   1      }
  94          
  95          void main()
  96          {
  97   1      
  98   1        while(1)
  99   1        {
 100   2          
 101   2          Go();  //步进电机运行
 102   2              
 103   2        }
 104   1      
 105   1      }


MODULE INFORMATION:   STATIC OVERLAYABLE
   CODE SIZE        =     97    ----
   CONSTANT SIZE    =   ----    ----
   XDATA SIZE       =   ----    ----
   PDATA SIZE       =   ----    ----
   DATA SIZE        =   ----    ----
   IDATA SIZE       =   ----    ----
   BIT SIZE         =   ----    ----
END OF MODULE INFORMATION.


C51 COMPILATION COMPLETE.  0 WARNING(S),  0 ERROR(S)
