C51 COMPILER V7.10   步絖马达                                                              11/13/2011 15:26:28 PAGE 1   


C51 COMPILER V7.10, COMPILATION OF MODULE 步絖马达
OBJECT MODULE PLACED IN 步进马达.OBJ
COMPILER INVOKED BY: C:\Keil\C51\BIN\C51.EXE 步进马达.c BROWSE DEBUG OBJECTEXTEND

line level    source

   1          /*************************************************************************************
   2          *  标题:  步进电机试验一                                                                                                                         *
   3          *                                                                                                                                                                        *
   4          *    通过本例程了解步进马达使用及驱动程序编写                                                                            *
   5          *;   单双八拍工作方式：                                                                  *
   6          *;   A-AB-B-BC-C-CD-D-DA (即一个脉冲,转 3.75 度)                                                                 *
   7          *    J14短路冒需断开                                                                 *
   8          *  请学员一定要消化掉本例程                                                              *
   9                                                                                                                                   *
  10          **************************************************************************************/  
  11           #include "reg52.h"
  12           //Motor
  13          sbit A = P1^0;    //定义管脚
  14          sbit b = P1^1;
  15          sbit C = P1^2;
  16          sbit D = P1^3;
  17          
  18           ///////////////////////////////////////
  19          //步进电机驱动
  20          unsigned char MotorStep=0;  //步进马达步序
  21          unsigned int  MotorDelay,Speed=1,TIM,CT;
  22          
  23          #define speed 28   // 调整速度 数值不要设的太低 低了会引起震动。
  24          
  25          /*****************************************************
  26          *           初始化马达                                                           *
  27          ******************************************************/
  28          void InitMotor()
  29          {
  30   1        A = 1;
  31   1        b = 1;
  32   1        C = 1;
  33   1        D = 1;
  34   1      }
  35          
  36          
  37           
  38          void SetMotor()
  39          {
  40   1        //  if(Speed == 0) return;
  41   1      
  42   1          MotorDelay=Speed;   //调整速度
  43   1          switch(MotorStep)
  44   1          {
  45   2             case 0:
  46   2                if(TIM)   // A
  47   2                {                                 
  48   3                  A = 0;                  //0xf1  
  49   3                  b = 1;
  50   3                              C = 1;
  51   3                  D = 1;
  52   3                  MotorStep = 1;
  53   3                              TIM=0;
  54   3                }
  55   2             break;
C51 COMPILER V7.10   步絖马达                                                              11/13/2011 15:26:28 PAGE 2   

  56   2      
  57   2             case 1:           // AB
  58   2               if(TIM)
  59   2                {     
  60   3                  A = 0;                 //0xf3 
  61   3                  b = 0;
  62   3                      C = 1;
  63   3                  D = 1;
  64   3                  MotorStep = 2;
  65   3                              TIM=0;
  66   3                }
  67   2             break;
  68   2      
  69   2             case 2:     //B
  70   2               if(TIM)
  71   2                {
  72   3                 
  73   3                      A = 1;
  74   3                  b = 0;                //0xf2 
  75   3                  C = 1;
  76   3                  D = 1;
  77   3                 
  78   3                  MotorStep = 3;
  79   3                              TIM=0;
  80   3                }
  81   2             break;
  82   2      
  83   2      
  84   2             case 3:          //BC
  85   2               if(TIM)
  86   2                {     
  87   3                  A = 1;
  88   3                  b = 0;                  //0xf6
  89   3                  C = 0;
  90   3                  D = 1;
  91   3                  MotorStep = 4;
  92   3                              TIM=0;
  93   3                }
  94   2             break;
  95   2           case 4:             //C
  96   2               if(TIM)
  97   2                {     
  98   3                  A = 1;
  99   3                  b = 1;                  //0xf4
 100   3                  C = 0;
 101   3                  D = 1;
 102   3                  MotorStep = 5;
 103   3                              TIM=0;
 104   3                 }
 105   2             break;
 106   2              case 5:                   //CD
 107   2               if(TIM)
 108   2                {     
 109   3                  A = 1;
 110   3                  b = 1;                  //0xfc
 111   3                  C = 0;
 112   3                  D = 0;
 113   3                  MotorStep = 6;
 114   3                              TIM=0;
 115   3                }
 116   2             break;
 117   2              case 6:                   //D
C51 COMPILER V7.10   步絖马达                                                              11/13/2011 15:26:28 PAGE 3   

 118   2               if(TIM)
 119   2                {     
 120   3                  A = 1;
 121   3                  b = 1;                  //0xf8
 122   3                  C = 1;
 123   3                  D = 0;
 124   3                  MotorStep = 7;
 125   3                              TIM=0;
 126   3                }
 127   2             break;
 128   2              case 7:                 //DA
 129   2               if(TIM)
 130   2                {     
 131   3                  A = 0;
 132   3                  b = 1;                  //0xf9
 133   3                  C = 1;
 134   3                  D = 0;
 135   3                  MotorStep = 0;
 136   3                              TIM=0;
 137   3                }
 138   2             break;
 139   2              
 140   2              }
 141   1      
 142   1      }
 143          
 144          
 145          void system_Ini()
 146          {
 147   1          TMOD|= 0x11;
 148   1          TH0=0xDC; //11.0592M
 149   1          TL0=0x00;   
 150   1              IE = 0x8A;      
 151   1          TR0  = 1;
 152   1      
 153   1      
 154   1      }
 155          
 156          main() 
 157           { system_Ini();
 158   1         InitMotor();
 159   1          while(1)
 160   1              {
 161   2               SetMotor();
 162   2      
 163   2               }
 164   1      
 165   1      
 166   1      
 167   1        }
 168          
 169          /************************************************
 170          *                                                                                               *
 171          *             定时中断延时                                                  *
 172          ************************************************/
 173            void Tzd(void) interrupt 1
 174          {
 175   1         TH0 = 0xfe;    //11.0592
 176   1               TL0 = 0x33;
 177   1      
 178   1              if( CT++==speed) 
 179   1                {TIM=1;
C51 COMPILER V7.10   步絖马达                                                              11/13/2011 15:26:28 PAGE 4   

 180   2                 CT=0;
 181   2                }
 182   1       }


MODULE INFORMATION:   STATIC OVERLAYABLE
   CODE SIZE        =    291    ----
   CONSTANT SIZE    =   ----    ----
   XDATA SIZE       =   ----    ----
   PDATA SIZE       =   ----    ----
   DATA SIZE        =      9    ----
   IDATA SIZE       =   ----    ----
   BIT SIZE         =   ----    ----
END OF MODULE INFORMATION.


C51 COMPILATION COMPLETE.  0 WARNING(S),  0 ERROR(S)
