C51 COMPILER V7.10   步絖马达                                                              08/13/2011 16:15:40 PAGE 1   


C51 COMPILER V7.10, COMPILATION OF MODULE 步絖马达
OBJECT MODULE PLACED IN 步进马达.OBJ
COMPILER INVOKED BY: C:\Keil\C51\BIN\C51.EXE 步进马达.c BROWSE DEBUG OBJECTEXTEND

line level    source

   1          /*************************************************************************************
   2          *  标题:  步进电机试验三(半步八拍)                                                                                               *
   3          *                                                                                                                                                                        *
   4          *    通过本例程了解步进马达使用及驱动程序编写                                                                            *
   5          *;   半步八拍工作方式：                                                                  *
   6          *;   正转：A/  A/B  B  AB  A  AB/  B/  A/B/
   7          *    反转：A/B/  B/  AB/  A  AB  B  A/B  A/                                                                                                      *
   8          *    
   9          *    UDN2916电流控制真值表：
  10          *        I0    I1       输出电流
  11          *         L         L             最大
  12          *         H             L                 最大*2/3
  13          *         L             H                 最大*1/3
  14          *     H     H         0                                                              *
  15          *  请学员一定要消化掉本例程                                                              *
  16             J14短路冒需断开                                                                                               *
  17          **************************************************************************************/  
  18          #include "reg52.h"
  19          
  20          #define speed 2
  21           //Motor
  22          sbit PH1 = P1^0;          //定义管脚
  23          sbit PH2 = P1^1;
  24          sbit I01 = P1^2;
  25          sbit I11 = P1^3;
  26          sbit I02 = P1^4;
  27          sbit I12 = P1^5;
  28          
  29          
  30          
  31          void delay(int time);
  32          
  33          /***************************************
  34          函数功能：产生脉冲控制步进机
  35          正转：A/  A/B  B  AB  A  AB/  B/  A/B/
  36          I0 I1 均为0 以最大电流输出（没有四分） 均为1不输出电流
  37          **************************************/
  38          void Go()
  39          {        
  40   1              //A/  A拍反向电流
  41   1              PH1 = 0;         //PH1为0 A组线圈为反向电流
  42   1          I01 = 0;
  43   1              I11 = 0;         //以最大电流输出（没细分） 以下相同 均是此意思
  44   1              
  45   1              
  46   1              PH2 = 1;     //PH2为1 B组线圈为正向电流
  47   1              I02 = 1;
  48   1              I12 = 1;     //关闭电流输出，以下相同均是此意思
  49   1            
  50   1          
  51   1      
  52   1              delay(speed);
  53   1      
  54   1               // A/B  AB拍 A为反向电流  B为正向电流
  55   1          PH1 = 0;     //PH1为0 A组线圈为反向电流
C51 COMPILER V7.10   步絖马达                                                              08/13/2011 16:15:40 PAGE 2   

  56   1          I01 = 0;
  57   1              I11 = 0;
  58   1              
  59   1      
  60   1              PH2 = 1;     //PH2为1 B组线圈为正向电流
  61   1              I02 = 0;
  62   1              I12 = 0;
  63   1      
  64   1      
  65   1              
  66   1      
  67   1              delay(speed);
  68   1              //B       B拍 B为正向电流
  69   1              PH1 = 1;
  70   1          I01 = 1;
  71   1              I11 = 1;
  72   1              
  73   1              PH2 = 1;
  74   1              I02 = 0;
  75   1              I12 = 0;
  76   1              
  77   1              delay(speed);
  78   1              //AB   AB拍 均为正向电流
  79   1              PH1 = 1;
  80   1              I01 = 0;
  81   1              I11 = 0;
  82   1              
  83   1      
  84   1              PH2 = 1;  
  85   1              I02 = 0;
  86   1              I12 = 0;
  87   1              delay(speed);
  88   1              //A
  89   1              PH1 = 1;
  90   1              I01 = 0;
  91   1              I11 = 0;
  92   1      
  93   1              PH2 = 0; 
  94   1              I02 = 1;
  95   1              I12 = 1;
  96   1      
  97   1              delay(speed);
  98   1              //AB/
  99   1              PH1 = 1;
 100   1              I01 = 0;
 101   1              I11 = 0;
 102   1      
 103   1      
 104   1              PH2 = 0;  
 105   1              I02 = 0;
 106   1              I12 = 0;
 107   1                     
 108   1              delay(speed);
 109   1              //  B/
 110   1              PH1 = 0;
 111   1              I01 = 1;
 112   1              I11 = 1;
 113   1      
 114   1      
 115   1          PH2 = 0; 
 116   1              I02 = 0;
 117   1              I12 = 0;
C51 COMPILER V7.10   步絖马达                                                              08/13/2011 16:15:40 PAGE 3   

 118   1                               
 119   1              delay(speed);
 120   1              //   A/B/
 121   1              PH1 = 0;
 122   1          I01 = 0;
 123   1              I11 = 0;
 124   1              
 125   1      
 126   1              PH2 = 0; 
 127   1              I02 = 0;
 128   1              I12 = 0;
 129   1      
 130   1              delay(speed);
 131   1              
 132   1      }
 133          /*******************延时函数****************************/
 134          void delay(int time)
 135          { 
 136   1        int i,j;
 137   1        
 138   1        for(j=0; j <= time; j++)
 139   1         for(i =0 ; i <= 70; i++);
 140   1      }
 141          
 142          void main()
 143          {
 144   1      
 145   1        while(1)
 146   1        {
 147   2          
 148   2          Go();  //步进电机运行
 149   2              
 150   2        }
 151   1      
 152   1      }


MODULE INFORMATION:   STATIC OVERLAYABLE
   CODE SIZE        =    147    ----
   CONSTANT SIZE    =   ----    ----
   XDATA SIZE       =   ----    ----
   PDATA SIZE       =   ----    ----
   DATA SIZE        =   ----    ----
   IDATA SIZE       =   ----    ----
   BIT SIZE         =   ----    ----
END OF MODULE INFORMATION.


C51 COMPILATION COMPLETE.  0 WARNING(S),  0 ERROR(S)
