C51 COMPILER V9.54   BUTTON                                                                07/29/2020 21:40:19 PAGE 1   


C51 COMPILER V9.54, COMPILATION OF MODULE BUTTON
OBJECT MODULE PLACED IN .\output\button.obj
COMPILER INVOKED BY: C:\Keil_v5\C51\BIN\C51.EXE button.c OPTIMIZE(8,SPEED) BROWSE DEBUG OBJECTEXTEND PRINT(.\listing\but
                    -ton.lst) TABS(2) OBJECT(.\output\button.obj)

line level    source

   1          /*******************************************************************************
   2          *  标题:  学习板的按钮输入　控制对应的继电器输出和LED灯                        *
   3          *                                          *
   4          * 连接方法：参照接线图     *
   5          *                                          *
   6          * 1. 通过本例程了解74HC165（并入串出） 的基本原理和使用              *
   7          * 2.了解掌握SPI总线接口的工作原理及一般编程方法。                  *
   8          * 3. 懂的74HC165在C语言中是如何操作                                      *
   9          *                                                          *
  10          ********************************************************************************/
  11           #include <reg52.H>
  12           #include <intrins.h> 
  13          
  14           #define  NOP()   _nop_()   /* 定义空指令 */
  15          
  16          //SPI 接口
  17          sbit    CLK    = P3^6;     //串行时钟
  18          sbit    IN_PL  = P1^6;    //把数据加载到锁存器中
  19          sbit    IN_Dat = P1^7;    //数据通过P1.7脚移进单片机内处理
  20          
  21          sbit    RELAY  = P1^4;
  22          sbit    BEEP   = P1^5;
  23          
  24          unsigned char bdata Key;
  25          sbit    K0=Key^0;  //位定义
  26          sbit    K1=Key^1;  //位定义
  27          sbit    K2=Key^2;  //位定义
  28          sbit    K3=Key^3;  //位定义
  29          sbit    K4=Key^4;
  30          sbit    K5=Key^5;
  31          sbit    K6=Key^6;
  32          sbit    K7=Key^7;
  33          
  34          bit  M0 ,K0J;  //位定义
  35          unsigned long ReHC74165(void);   //函数声名 
  36          void beep();    
  37          
  38           /********************************************************
  39           *  主函数                         *
  40           *                             *
  41           ********************************************************/
  42           main()
  43            {   
  44   1      
  45   1        while(1)
  46   1        { 
  47   2          unsigned long  Input=ReHC74165();//调用165驱动程序
  48   2         Key=Input&0xff;  //将数据传给位变量
  49   2         RELAY = 1;
  50   2           P2 = 0xff;   //清除
  51   2      
  52   2          //实现脉冲输入  大家仔细体会
  53   2          if(K0&K0J)M0=~M0;      
  54   2           K0J=~K0;  
C51 COMPILER V9.54   BUTTON                                                                07/29/2020 21:40:19 PAGE 2   

  55   2        
  56   2        if(M0) {RELAY = 0; P2 = 0x7f; }//实现脉冲输入
  57   2        if(K1) {beep();    P2 = 0xbf;   }//K1 为1时开启蜂鸣器和2个灯
  58   2        if(K2) {beep();    P2 = 0xdf;   }
  59   2          if(K3) {beep();    P2 = 0xef;   }
  60   2        if(K4) {beep();    P2 = 0xf7;   }
  61   2        if(K5) {beep();    P2 = 0xfb;   }
  62   2        if(K6) {beep();    P2 = 0xfd;   }
  63   2        if(K7) {beep();    P2 = 0xfe;   }
  64   2         }    
  65   1         
  66   1       }
  67          
  68           /**********************************************************
  69           *                               *
  70           *  蜂鸣器 (让蜂鸣器发出动听声音)              *
  71           ************************************************************/
  72          void beep()
  73          {
  74   1        unsigned char i , j;
  75   1        for (i=0;i<2;i++)
  76   1         {
  77   2        
  78   2         for (j = 0; j<255; j++) {_nop_();}
  79   2         BEEP=!BEEP;                 //BEEP取反
  80   2         } 
  81   1        BEEP=1;                      //关闭蜂鸣器
  82   1      }
  83           
  84           /*************************此部分为74HC165的驱动程序使用SPI总线连接*************************************/
  85          
  86          
  87          /*********************************************************************************************************
  88          ** 函数名称:  74HC165
  89          ** 功能描述: 
  90          ** 管脚描述：请参考相关的芯片资料(学习光盘中以配)
  91          *********************************************************************************************************/
  92          unsigned long ReHC74165(void)
  93          {  
  94   1        unsigned char i;
  95   1        unsigned int indata;
  96   1          
  97   1         IN_PL=0;
  98   1         NOP();    //短暂延时 产生一定宽度的脉冲
  99   1         IN_PL=1;  //将外部信号全部读入锁存器中
 100   1         NOP(); 
 101   1                    
 102   1         indata=0;   //保存数据的变量清0  
 103   1         for(i=0; i<8; i++)
 104   1          { 
 105   2          indata=indata<<1;  //左移一位
 106   2            if(IN_Dat==1)indata=indata+1; //如果IN_Dat检测到高电平 保存数据的变量加1 
 107   2          CLK=0;   //时钟置0
 108   2            NOP();
 109   2            CLK=1;   //时钟置1    
 110   2        } 
 111   1         
 112   1         return(~indata);  //将保存数据的变量取反后返回
 113   1      }
 114          
 115          
 116          
C51 COMPILER V9.54   BUTTON                                                                07/29/2020 21:40:19 PAGE 3   



MODULE INFORMATION:   STATIC OVERLAYABLE
   CODE SIZE        =    167    ----
   CONSTANT SIZE    =   ----    ----
   XDATA SIZE       =   ----    ----
   PDATA SIZE       =   ----    ----
   DATA SIZE        =      1       4
   IDATA SIZE       =   ----    ----
   BIT SIZE         =      2    ----
END OF MODULE INFORMATION.


C51 COMPILATION COMPLETE.  0 WARNING(S),  0 ERROR(S)
